1769604499: mosquitto version 2.0.22 starting
1769604499: Config loaded from /mosquitto/config/mosquitto.conf.
1769604499: Opening ipv4 listen socket on port 1883.
1769604499: Opening ipv6 listen socket on port 1883.
1769604499: mosquitto version 2.0.22 running
1769604836: mosquitto version 2.0.22 terminating
1769604836: Saving in-memory database to /mosquitto/data//mosquitto.db.
1769604836: Warning: File /mosquitto/data//mosquitto.db.new has world readable permissions. Future versions will refuse to load this file.
To fix this, use `chmod 0700 /mosquitto/data//mosquitto.db.new`.
1769604836: Warning: File /mosquitto/data//mosquitto.db.new owner is not mosquitto. Future versions will refuse to load this file.To fix this, use `chown mosquitto /mosquitto/data//mosquitto.db.new`.
1769604836: Warning: File /mosquitto/data//mosquitto.db.new group is not mosquitto. Future versions will refuse to load this file.
1769604838: mosquitto version 2.0.22 starting
1769604838: Config loaded from /mosquitto/config/mosquitto.conf.
1769604838: Opening ipv4 listen socket on port 1883.
1769604838: Opening ipv6 listen socket on port 1883.
1769604838: mosquitto version 2.0.22 running
1769604897: New connection from ::1:60226 on port 1883.
1769604897: New client connected from ::1:60226 as auto-13FB1967-7A4E-8DA0-77D1-39D81A6110BD (p2, c1, k60).
1769604920: New connection from ::1:59758 on port 1883.
1769604920: New client connected from ::1:59758 as auto-EE9D4633-957A-5AAA-8E0A-29FEA83120F9 (p2, c1, k60).
1769604920: Client auto-EE9D4633-957A-5AAA-8E0A-29FEA83120F9 disconnected.
1769604940: mosquitto version 2.0.22 terminating
1769604940: Saving in-memory database to /mosquitto/data//mosquitto.db.
1769604940: Warning: File /mosquitto/data//mosquitto.db.new has world readable permissions. Future versions will refuse to load this file.
To fix this, use `chmod 0700 /mosquitto/data//mosquitto.db.new`.
1769604940: Warning: File /mosquitto/data//mosquitto.db.new owner is not mosquitto. Future versions will refuse to load this file.To fix this, use `chown mosquitto /mosquitto/data//mosquitto.db.new`.
1769604940: Warning: File /mosquitto/data//mosquitto.db.new group is not mosquitto. Future versions will refuse to load this file.
1769604955: mosquitto version 2.0.22 starting
1769604955: Config loaded from /mosquitto/config/mosquitto.conf.
1769604955: Opening ipv4 listen socket on port 1883.
1769604955: Opening ipv6 listen socket on port 1883.
1769604955: mosquitto version 2.0.22 running
1769605358: mosquitto version 2.0.22 terminating
1769605358: Saving in-memory database to /mosquitto/data//mosquitto.db.
1769605358: Warning: File /mosquitto/data//mosquitto.db.new has world readable permissions. Future versions will refuse to load this file.
To fix this, use `chmod 0700 /mosquitto/data//mosquitto.db.new`.
1769605358: Warning: File /mosquitto/data//mosquitto.db.new owner is not mosquitto. Future versions will refuse to load this file.To fix this, use `chown mosquitto /mosquitto/data//mosquitto.db.new`.
1769605358: Warning: File /mosquitto/data//mosquitto.db.new group is not mosquitto. Future versions will refuse to load this file.
1769605950: mosquitto version 2.0.22 starting
1769605950: Config loaded from /mosquitto/config/mosquitto.conf.
1769605950: Opening ipv4 listen socket on port 1883.
1769605950: Opening ipv6 listen socket on port 1883.
1769605950: mosquitto version 2.0.22 running
1769606086: mosquitto version 2.0.22 terminating
1769606086: Saving in-memory database to /mosquitto/data//mosquitto.db.
1769606086: Warning: File /mosquitto/data//mosquitto.db.new has world readable permissions. Future versions will refuse to load this file.
To fix this, use `chmod 0700 /mosquitto/data//mosquitto.db.new`.
1769606086: Warning: File /mosquitto/data//mosquitto.db.new owner is not mosquitto. Future versions will refuse to load this file.To fix this, use `chown mosquitto /mosquitto/data//mosquitto.db.new`.
1769606086: Warning: File /mosquitto/data//mosquitto.db.new group is not mosquitto. Future versions will refuse to load this file.
1769606095: mosquitto version 2.0.22 starting
1769606095: Config loaded from /mosquitto/config/mosquitto.conf.
1769606095: Opening ipv4 listen socket on port 1883.
1769606095: Opening ipv6 listen socket on port 1883.
1769606095: mosquitto version 2.0.22 running
1769607695: mosquitto version 2.0.22 terminating
1769607695: Saving in-memory database to /mosquitto/data//mosquitto.db.
1769607695: Warning: File /mosquitto/data//mosquitto.db.new has world readable permissions. Future versions will refuse to load this file.
To fix this, use `chmod 0700 /mosquitto/data//mosquitto.db.new`.
1769607695: Warning: File /mosquitto/data//mosquitto.db.new owner is not mosquitto. Future versions will refuse to load this file.To fix this, use `chown mosquitto /mosquitto/data//mosquitto.db.new`.
1769607695: Warning: File /mosquitto/data//mosquitto.db.new group is not mosquitto. Future versions will refuse to load this file.
